// Jest Snapshot v1, https://goo.gl/fbAQLP

exports[`should render expense list item correctly 1`] = `
<div>
  <Link
    replace={false}
    to="/edit/2"
  >
    <h3>
      Rent
    </h3>
  </Link>
  <p>
    $195.00
    -
    28th December, 1969
  </p>
</div>
`;
